   text	   data	    bss	    dec	    hex	filename
 0x7a64	 0x9ce8	  0x404	  72528	  11b50	/home/jamorin/InnovR/GAPuino/svm_aes/BUILD/GAP8_V3/GCC_RISCV_PULPOS/svm_aes
/home/jamorin/InnovR/GAPuino/svm_aes/BUILD/GAP8_V3/GCC_RISCV_PULPOS/svm_aes:1b000bb8 00000001 D camera_isAwaked	/home/jamorin/gap_sdk/gap8/rtos/pulp/pulp-os/drivers_deprecated/camera/himax.c:150
/home/jamorin/InnovR/GAPuino/svm_aes/BUILD/GAP8_V3/GCC_RISCV_PULPOS/svm_aes:00000338 00000001 D __rt_hyper_pending_emu_do_memcpy	/home/jamorin/gap_sdk/gap8/rtos/pulp/pulp-os/drivers/hyper/hyperram-v1.c:53
/home/jamorin/InnovR/GAPuino/svm_aes/BUILD/GAP8_V3/GCC_RISCV_PULPOS/svm_aes:1c003e14 00000002 W illegal_insn_handler_c	/home/jamorin/gap_sdk/gap8/rtos/pulp/pulp-os/kernel/irq.c:89
/home/jamorin/InnovR/GAPuino/svm_aes/BUILD/GAP8_V3/GCC_RISCV_PULPOS/svm_aes:1c004f5a 00000002 T __rt_fll_deinit	/home/jamorin/gap_sdk/gap8/rtos/pulp/pulp-os/kernel/gap/pmu_driver.c:876
/home/jamorin/InnovR/GAPuino/svm_aes/BUILD/GAP8_V3/GCC_RISCV_PULPOS/svm_aes:1c004f5c 00000002 T __rt_flls_constructor	/home/jamorin/gap_sdk/gap8/rtos/pulp/pulp-os/kernel/gap/pmu_driver.c:880
/home/jamorin/InnovR/GAPuino/svm_aes/BUILD/GAP8_V3/GCC_RISCV_PULPOS/svm_aes:1c0102d8 00000003 d ToHWDCDC_Pos	/home/jamorin/gap_sdk/gap8/rtos/pulp/pulp-os/kernel/gap/pmu_driver.c:192
/home/jamorin/InnovR/GAPuino/svm_aes/BUILD/GAP8_V3/GCC_RISCV_PULPOS/svm_aes:1c00733c 00000004 t ctor_list	/home/jamorin/gap_sdk/gap8/rtos/pulp/pulp-os/kernel/init.c:29
/home/jamorin/InnovR/GAPuino/svm_aes/BUILD/GAP8_V3/GCC_RISCV_PULPOS/svm_aes:1c007378 00000004 t dtor_list	/home/jamorin/gap_sdk/gap8/rtos/pulp/pulp-os/kernel/init.c:30
/home/jamorin/InnovR/GAPuino/svm_aes/BUILD/GAP8_V3/GCC_RISCV_PULPOS/svm_aes:1c0102a0 00000004 D f_img
/home/jamorin/InnovR/GAPuino/svm_aes/BUILD/GAP8_V3/GCC_RISCV_PULPOS/svm_aes:1c010738 00000004 B first_delayed
/home/jamorin/InnovR/GAPuino/svm_aes/BUILD/GAP8_V3/GCC_RISCV_PULPOS/svm_aes:1c0102a4 00000004 d MAX_BYTES_PER_REQ.1797
/home/jamorin/InnovR/GAPuino/svm_aes/BUILD/GAP8_V3/GCC_RISCV_PULPOS/svm_aes:1c010550 00000004 b __pi_hyper_cluster_reqs_first	/home/jamorin/gap_sdk/gap8/rtos/pulp/pulp-os/drivers/hyper/hyperram-v1.c:62
/home/jamorin/InnovR/GAPuino/svm_aes/BUILD/GAP8_V3/GCC_RISCV_PULPOS/svm_aes:1c003dc4 00000004 T pi_open_from_conf	/home/jamorin/gap_sdk/gap8/rtos/pulp/pulp-os/kernel/init.c:325
/home/jamorin/InnovR/GAPuino/svm_aes/BUILD/GAP8_V3/GCC_RISCV_PULPOS/svm_aes:1c0102dc 00000004 D PMURetentionState
/home/jamorin/InnovR/GAPuino/svm_aes/BUILD/GAP8_V3/GCC_RISCV_PULPOS/svm_aes:00000354 00000004 D pwmEventsStatus	/home/jamorin/gap_sdk/gap8/rtos/pulp/pulp-os/drivers/pwm/pwm.c:9
/home/jamorin/InnovR/GAPuino/svm_aes/BUILD/GAP8_V3/GCC_RISCV_PULPOS/svm_aes:1c0102e8 00000004 d RetPMUStateToPMUState	/home/jamorin/gap_sdk/gap8/rtos/pulp/pulp-os/kernel/gap/pmu_driver.c:185
/home/jamorin/InnovR/GAPuino/svm_aes/BUILD/GAP8_V3/GCC_RISCV_PULPOS/svm_aes:1c010734 00000004 B __rt_alloc_fc_tcdm
/home/jamorin/InnovR/GAPuino/svm_aes/BUILD/GAP8_V3/GCC_RISCV_PULPOS/svm_aes:1c01072c 00000004 B __rt_alloc_l1
/home/jamorin/InnovR/GAPuino/svm_aes/BUILD/GAP8_V3/GCC_RISCV_PULPOS/svm_aes:1c010730 00000004 B __rt_alloc_l2
/home/jamorin/InnovR/GAPuino/svm_aes/BUILD/GAP8_V3/GCC_RISCV_PULPOS/svm_aes:00000014 00000004 d __rt_bridge_eeprom_handle	/home/jamorin/gap_sdk/gap8/rtos/pulp/pulp-os/kernel/bridge.c:25
/home/jamorin/InnovR/GAPuino/svm_aes/BUILD/GAP8_V3/GCC_RISCV_PULPOS/svm_aes:00000010 00000004 d __rt_bridge_flash_cs	/home/jamorin/gap_sdk/gap8/rtos/pulp/pulp-os/kernel/bridge.c:29
/home/jamorin/InnovR/GAPuino/svm_aes/BUILD/GAP8_V3/GCC_RISCV_PULPOS/svm_aes:00000004 00000004 d __rt_bridge_flash_handle	/home/jamorin/gap_sdk/gap8/rtos/pulp/pulp-os/kernel/bridge.c:26
/home/jamorin/InnovR/GAPuino/svm_aes/BUILD/GAP8_V3/GCC_RISCV_PULPOS/svm_aes:0000000c 00000004 d __rt_bridge_flash_itf	/home/jamorin/gap_sdk/gap8/rtos/pulp/pulp-os/kernel/bridge.c:28
/home/jamorin/InnovR/GAPuino/svm_aes/BUILD/GAP8_V3/GCC_RISCV_PULPOS/svm_aes:00000008 00000004 d __rt_bridge_flash_type	/home/jamorin/gap_sdk/gap8/rtos/pulp/pulp-os/kernel/bridge.c:27
/home/jamorin/InnovR/GAPuino/svm_aes/BUILD/GAP8_V3/GCC_RISCV_PULPOS/svm_aes:00000390 00000004 D __rtc_handler	/home/jamorin/gap_sdk/gap8/rtos/pulp/pulp-os/drivers_deprecated/dolphin/rtc.c:25
/home/jamorin/InnovR/GAPuino/svm_aes/BUILD/GAP8_V3/GCC_RISCV_PULPOS/svm_aes:1000001c 00000004 D __rt_cluster_fc_task_lock	/home/jamorin/gap_sdk/gap8/rtos/pulp/pulp-os/kernel/cluster.c:59
/home/jamorin/InnovR/GAPuino/svm_aes/BUILD/GAP8_V3/GCC_RISCV_PULPOS/svm_aes:00000018 00000004 D __rt_cluster_nb_active_pe
/home/jamorin/InnovR/GAPuino/svm_aes/BUILD/GAP8_V3/GCC_RISCV_PULPOS/svm_aes:1c010748 00000004 B __rt_cluster_tasks	/home/jamorin/gap_sdk/gap8/rtos/pulp/pulp-os/kernel/cluster.c:41
/home/jamorin/InnovR/GAPuino/svm_aes/BUILD/GAP8_V3/GCC_RISCV_PULPOS/svm_aes:1b000b9c 00000004 D __rt_debug_config
/home/jamorin/InnovR/GAPuino/svm_aes/BUILD/GAP8_V3/GCC_RISCV_PULPOS/svm_aes:1b000b98 00000004 D __rt_debug_config_trace
/home/jamorin/InnovR/GAPuino/svm_aes/BUILD/GAP8_V3/GCC_RISCV_PULPOS/svm_aes:00000014 00000004 D __rt_dma_first_pending
/home/jamorin/InnovR/GAPuino/svm_aes/BUILD/GAP8_V3/GCC_RISCV_PULPOS/svm_aes:00000010 00000004 D __rt_dma_last_pending
/home/jamorin/InnovR/GAPuino/svm_aes/BUILD/GAP8_V3/GCC_RISCV_PULPOS/svm_aes:1c01054c 00000004 b __rt_fc_cluster_device	/home/jamorin/gap_sdk/gap8/rtos/pulp/pulp-os/kernel/pulpos_emu.c:25
/home/jamorin/InnovR/GAPuino/svm_aes/BUILD/GAP8_V3/GCC_RISCV_PULPOS/svm_aes:1c0102bc 00000004 V __rt_fc_stack_size
/home/jamorin/InnovR/GAPuino/svm_aes/BUILD/GAP8_V3/GCC_RISCV_PULPOS/svm_aes:00000018 00000004 D __rt_first_free
/home/jamorin/InnovR/GAPuino/svm_aes/BUILD/GAP8_V3/GCC_RISCV_PULPOS/svm_aes:00000324 00000004 D __rt_hyper_current_task	/home/jamorin/gap_sdk/gap8/rtos/pulp/pulp-os/drivers/hyper/hyperram-v1.c:27
/home/jamorin/InnovR/GAPuino/svm_aes/BUILD/GAP8_V3/GCC_RISCV_PULPOS/svm_aes:00000320 00000004 D __rt_hyper_end_task	/home/jamorin/gap_sdk/gap8/rtos/pulp/pulp-os/drivers/hyper/hyperram-v1.c:25
/home/jamorin/InnovR/GAPuino/svm_aes/BUILD/GAP8_V3/GCC_RISCV_PULPOS/svm_aes:1c010554 00000004 b __rt_hyper_open_count	/home/jamorin/gap_sdk/gap8/rtos/pulp/pulp-os/drivers/hyper/hyperram-v1.c:65
/home/jamorin/InnovR/GAPuino/svm_aes/BUILD/GAP8_V3/GCC_RISCV_PULPOS/svm_aes:00000314 00000004 D __rt_hyper_pending_addr	/home/jamorin/gap_sdk/gap8/rtos/pulp/pulp-os/drivers/hyper/hyperram-v1.c:33
/home/jamorin/InnovR/GAPuino/svm_aes/BUILD/GAP8_V3/GCC_RISCV_PULPOS/svm_aes:0000030c 00000004 D __rt_hyper_pending_base	/home/jamorin/gap_sdk/gap8/rtos/pulp/pulp-os/drivers/hyper/hyperram-v1.c:31
/home/jamorin/InnovR/GAPuino/svm_aes/BUILD/GAP8_V3/GCC_RISCV_PULPOS/svm_aes:00000330 00000004 D __rt_hyper_pending_emu_addr	/home/jamorin/gap_sdk/gap8/rtos/pulp/pulp-os/drivers/hyper/hyperram-v1.c:48
/home/jamorin/InnovR/GAPuino/svm_aes/BUILD/GAP8_V3/GCC_RISCV_PULPOS/svm_aes:00000328 00000004 D __rt_hyper_pending_emu_channel	/home/jamorin/gap_sdk/gap8/rtos/pulp/pulp-os/drivers/hyper/hyperram-v1.c:46
/home/jamorin/InnovR/GAPuino/svm_aes/BUILD/GAP8_V3/GCC_RISCV_PULPOS/svm_aes:0000032c 00000004 D __rt_hyper_pending_emu_hyper_addr	/home/jamorin/gap_sdk/gap8/rtos/pulp/pulp-os/drivers/hyper/hyperram-v1.c:47
/home/jamorin/InnovR/GAPuino/svm_aes/BUILD/GAP8_V3/GCC_RISCV_PULPOS/svm_aes:0000034c 00000004 D __rt_hyper_pending_emu_length	/home/jamorin/gap_sdk/gap8/rtos/pulp/pulp-os/drivers/hyper/hyperram-v1.c:51
/home/jamorin/InnovR/GAPuino/svm_aes/BUILD/GAP8_V3/GCC_RISCV_PULPOS/svm_aes:00000334 00000004 D __rt_hyper_pending_emu_size	/home/jamorin/gap_sdk/gap8/rtos/pulp/pulp-os/drivers/hyper/hyperram-v1.c:49
/home/jamorin/InnovR/GAPuino/svm_aes/BUILD/GAP8_V3/GCC_RISCV_PULPOS/svm_aes:00000348 00000004 D __rt_hyper_pending_emu_size_2d	/home/jamorin/gap_sdk/gap8/rtos/pulp/pulp-os/drivers/hyper/hyperram-v1.c:50
/home/jamorin/InnovR/GAPuino/svm_aes/BUILD/GAP8_V3/GCC_RISCV_PULPOS/svm_aes:00000350 00000004 D __rt_hyper_pending_emu_stride	/home/jamorin/gap_sdk/gap8/rtos/pulp/pulp-os/drivers/hyper/hyperram-v1.c:52
/home/jamorin/InnovR/GAPuino/svm_aes/BUILD/GAP8_V3/GCC_RISCV_PULPOS/svm_aes:0000033c 00000004 D __rt_hyper_pending_emu_task	/home/jamorin/gap_sdk/gap8/rtos/pulp/pulp-os/drivers/hyper/hyperram-v1.c:54
/home/jamorin/InnovR/GAPuino/svm_aes/BUILD/GAP8_V3/GCC_RISCV_PULPOS/svm_aes:00000310 00000004 D __rt_hyper_pending_hyper_addr	/home/jamorin/gap_sdk/gap8/rtos/pulp/pulp-os/drivers/hyper/hyperram-v1.c:32
/home/jamorin/InnovR/GAPuino/svm_aes/BUILD/GAP8_V3/GCC_RISCV_PULPOS/svm_aes:00000318 00000004 D __rt_hyper_pending_repeat	/home/jamorin/gap_sdk/gap8/rtos/pulp/pulp-os/drivers/hyper/hyperram-v1.c:34
/home/jamorin/InnovR/GAPuino/svm_aes/BUILD/GAP8_V3/GCC_RISCV_PULPOS/svm_aes:0000031c 00000004 D __rt_hyper_pending_repeat_size	/home/jamorin/gap_sdk/gap8/rtos/pulp/pulp-os/drivers/hyper/hyperram-v1.c:35
/home/jamorin/InnovR/GAPuino/svm_aes/BUILD/GAP8_V3/GCC_RISCV_PULPOS/svm_aes:00000340 00000004 D __rt_hyper_pending_tasks	/home/jamorin/gap_sdk/gap8/rtos/pulp/pulp-os/drivers/hyper/hyperram-v1.c:39
/home/jamorin/InnovR/GAPuino/svm_aes/BUILD/GAP8_V3/GCC_RISCV_PULPOS/svm_aes:00000344 00000004 D __rt_hyper_pending_tasks_last	/home/jamorin/gap_sdk/gap8/rtos/pulp/pulp-os/drivers/hyper/hyperram-v1.c:40
/home/jamorin/InnovR/GAPuino/svm_aes/BUILD/GAP8_V3/GCC_RISCV_PULPOS/svm_aes:1c005968 00000004 T __rt_hyper_resume_copy	/home/jamorin/gap_sdk/gap8/rtos/pulp/pulp-os/drivers/hyper/hyperram-v1.c:988
/home/jamorin/InnovR/GAPuino/svm_aes/BUILD/GAP8_V3/GCC_RISCV_PULPOS/svm_aes:00000308 00000004 D __rt_hyper_udma_handle
/home/jamorin/InnovR/GAPuino/svm_aes/BUILD/GAP8_V3/GCC_RISCV_PULPOS/svm_aes:1c010558 00000004 b __rt_i2s_first	/home/jamorin/gap_sdk/gap8/rtos/pulp/pulp-os/drivers_deprecated/i2s/i2s-v1.c:40
/home/jamorin/InnovR/GAPuino/svm_aes/BUILD/GAP8_V3/GCC_RISCV_PULPOS/svm_aes:1c0102b4 00000004 V __rt_iodev
/home/jamorin/InnovR/GAPuino/svm_aes/BUILD/GAP8_V3/GCC_RISCV_PULPOS/svm_aes:1c0102b8 00000004 V __rt_iodev_uart_baudrate
/home/jamorin/InnovR/GAPuino/svm_aes/BUILD/GAP8_V3/GCC_RISCV_PULPOS/svm_aes:1c010544 00000004 V __rt_iodev_uart_channel
/home/jamorin/InnovR/GAPuino/svm_aes/BUILD/GAP8_V3/GCC_RISCV_PULPOS/svm_aes:1c010564 00000004 b __rt_io_event_current	/home/jamorin/gap_sdk/gap8/rtos/pulp/pulp-os/libs/io/io.c:40
/home/jamorin/InnovR/GAPuino/svm_aes/BUILD/GAP8_V3/GCC_RISCV_PULPOS/svm_aes:1c010568 00000004 b __rt_io_pending_flush	/home/jamorin/gap_sdk/gap8/rtos/pulp/pulp-os/libs/io/io.c:50
/home/jamorin/InnovR/GAPuino/svm_aes/BUILD/GAP8_V3/GCC_RISCV_PULPOS/svm_aes:1c010570 00000004 b _rt_io_uart	/home/jamorin/gap_sdk/gap8/rtos/pulp/pulp-os/libs/io/io.c:38
/home/jamorin/InnovR/GAPuino/svm_aes/BUILD/GAP8_V3/GCC_RISCV_PULPOS/svm_aes:1c0102b0 00000004 V __rt_platform
/home/jamorin/InnovR/GAPuino/svm_aes/BUILD/GAP8_V3/GCC_RISCV_PULPOS/svm_aes:1c01056c 00000004 b __rt_putc_host_buffer_index	/home/jamorin/gap_sdk/gap8/rtos/pulp/pulp-os/libs/io/io.c:48
/home/jamorin/InnovR/GAPuino/svm_aes/BUILD/GAP8_V3/GCC_RISCV_PULPOS/svm_aes:0000038c 00000004 D __rt_rtc_init_done	/home/jamorin/gap_sdk/gap8/rtos/pulp/pulp-os/drivers_deprecated/dolphin/rtc.c:26
/home/jamorin/InnovR/GAPuino/svm_aes/BUILD/GAP8_V3/GCC_RISCV_PULPOS/svm_aes:1c010744 00000004 B __rt_wakeup_use_fast	/home/jamorin/gap_sdk/gap8/rtos/pulp/pulp-os/kernel/gap/pmu_driver.c:173
/home/jamorin/InnovR/GAPuino/svm_aes/BUILD/GAP8_V3/GCC_RISCV_PULPOS/svm_aes:1c010548 00000004 b timer_count	/home/jamorin/gap_sdk/gap8/rtos/pulp/pulp-os/kernel/time.c:23
/home/jamorin/InnovR/GAPuino/svm_aes/BUILD/GAP8_V3/GCC_RISCV_PULPOS/svm_aes:1c005150 00000006 T pi_cluster_conf_init	/home/jamorin/gap_sdk/gap8/rtos/pulp/pulp-os/kernel/cluster.c:337
/home/jamorin/InnovR/GAPuino/svm_aes/BUILD/GAP8_V3/GCC_RISCV_PULPOS/svm_aes:1c006126 00000006 T putchar	/home/jamorin/gap_sdk/gap8/rtos/pulp/pulp-os/libs/io/io.c:621
/home/jamorin/InnovR/GAPuino/svm_aes/BUILD/GAP8_V3/GCC_RISCV_PULPOS/svm_aes:1c004f5e 00000006 T __rt_fll_set_freq	/home/jamorin/gap_sdk/gap8/rtos/pulp/pulp-os/kernel/gap/pmu_driver.c:884
/home/jamorin/InnovR/GAPuino/svm_aes/BUILD/GAP8_V3/GCC_RISCV_PULPOS/svm_aes:1c0102c0 00000007 d SystemStateToSCUFastSeq	/home/jamorin/gap_sdk/gap8/rtos/pulp/pulp-os/kernel/gap/pmu_driver.c:176
/home/jamorin/InnovR/GAPuino/svm_aes/BUILD/GAP8_V3/GCC_RISCV_PULPOS/svm_aes:1c0102e0 00000008 D FllsFrequency
/home/jamorin/InnovR/GAPuino/svm_aes/BUILD/GAP8_V3/GCC_RISCV_PULPOS/svm_aes:1c0102a8 00000008 d MAX_REQS_BEFORE_RESEED.1796
/home/jamorin/InnovR/GAPuino/svm_aes/BUILD/GAP8_V3/GCC_RISCV_PULPOS/svm_aes:1c01073c 00000008 B __rt_freq_domains
/home/jamorin/InnovR/GAPuino/svm_aes/BUILD/GAP8_V3/GCC_RISCV_PULPOS/svm_aes:1c005960 00000008 T __rt_hyper_resume_emu_task	/home/jamorin/gap_sdk/gap8/rtos/pulp/pulp-os/drivers/hyper/hyperram-v1.c:980
/home/jamorin/InnovR/GAPuino/svm_aes/BUILD/GAP8_V3/GCC_RISCV_PULPOS/svm_aes:000002b0 00000008 D __rt_socevents_status
/home/jamorin/InnovR/GAPuino/svm_aes/BUILD/GAP8_V3/GCC_RISCV_PULPOS/svm_aes:1c01055c 00000008 b __rt_spim_open_count	/home/jamorin/gap_sdk/gap8/rtos/pulp/pulp-os/drivers_deprecated/spim/spim-v2.c:26
/home/jamorin/InnovR/GAPuino/svm_aes/BUILD/GAP8_V3/GCC_RISCV_PULPOS/svm_aes:1c00625a 00000008 T semihost_exit	/home/jamorin/gap_sdk/gap8/rtos/pulp/pulp-os/libs/io/semihost.c:51
/home/jamorin/InnovR/GAPuino/svm_aes/BUILD/GAP8_V3/GCC_RISCV_PULPOS/svm_aes:1c006252 00000008 T semihost_write0	/home/jamorin/gap_sdk/gap8/rtos/pulp/pulp-os/libs/io/semihost.c:6
/home/jamorin/InnovR/GAPuino/svm_aes/BUILD/GAP8_V3/GCC_RISCV_PULPOS/svm_aes:1c0061c8 0000000a T abort	/home/jamorin/gap_sdk/gap8/rtos/pulp/pulp-os/libs/io/io.c:739
/home/jamorin/InnovR/GAPuino/svm_aes/BUILD/GAP8_V3/GCC_RISCV_PULPOS/svm_aes:1c005b1c 0000000a T __rt_himax_init	/home/jamorin/gap_sdk/gap8/rtos/pulp/pulp-os/drivers_deprecated/camera/himax.c:400
/home/jamorin/InnovR/GAPuino/svm_aes/BUILD/GAP8_V3/GCC_RISCV_PULPOS/svm_aes:1c00559c 0000000a T __rt_padframe_init	/home/jamorin/gap_sdk/gap8/rtos/pulp/pulp-os/drivers_deprecated/pads/pads-v1.c:58
/home/jamorin/InnovR/GAPuino/svm_aes/BUILD/GAP8_V3/GCC_RISCV_PULPOS/svm_aes:1c010670 0000000c B c
/home/jamorin/InnovR/GAPuino/svm_aes/BUILD/GAP8_V3/GCC_RISCV_PULPOS/svm_aes:00000004 0000000c D __rt_cluster_pool
/home/jamorin/InnovR/GAPuino/svm_aes/BUILD/GAP8_V3/GCC_RISCV_PULPOS/svm_aes:1c006244 0000000e t __internal_semihost	/home/jamorin/gap_sdk/gap8/rtos/pulp/pulp-os/libs/io/semihost.h:75
/home/jamorin/InnovR/GAPuino/svm_aes/BUILD/GAP8_V3/GCC_RISCV_PULPOS/svm_aes:1c005b4a 0000000e t __rt_io_end_of_flush	/home/jamorin/gap_sdk/gap8/rtos/pulp/pulp-os/libs/io/io.c:366
/home/jamorin/InnovR/GAPuino/svm_aes/BUILD/GAP8_V3/GCC_RISCV_PULPOS/svm_aes:1c005f0a 00000010 T memset	/home/jamorin/gap_sdk/gap8/rtos/pulp/pulp-os/libs/io/io.c:150
/home/jamorin/InnovR/GAPuino/svm_aes/BUILD/GAP8_V3/GCC_RISCV_PULPOS/svm_aes:1c0102c8 00000010 D PMUState
/home/jamorin/InnovR/GAPuino/svm_aes/BUILD/GAP8_V3/GCC_RISCV_PULPOS/svm_aes:1b000bbc 00000010 d __rt_io_fc_lock	/home/jamorin/gap_sdk/gap8/rtos/pulp/pulp-os/libs/io/io.c:35
/home/jamorin/InnovR/GAPuino/svm_aes/BUILD/GAP8_V3/GCC_RISCV_PULPOS/svm_aes:1c010198 00000010 V __rt_padframe_default	/home/jamorin/gap_sdk/gap8/rtos/pulp/pulp-os/drivers_deprecated/pads/pads-v1.c:28
/home/jamorin/InnovR/GAPuino/svm_aes/BUILD/GAP8_V3/GCC_RISCV_PULPOS/svm_aes:1c0101a8 00000010 V __rt_padframe_hyper	/home/jamorin/gap_sdk/gap8/rtos/pulp/pulp-os/drivers_deprecated/pads/pads-v1.c:30
/home/jamorin/InnovR/GAPuino/svm_aes/BUILD/GAP8_V3/GCC_RISCV_PULPOS/svm_aes:1c0101b8 00000010 V __rt_padframe_hyper_gpio	/home/jamorin/gap_sdk/gap8/rtos/pulp/pulp-os/drivers_deprecated/pads/pads-v1.c:32
/home/jamorin/InnovR/GAPuino/svm_aes/BUILD/GAP8_V3/GCC_RISCV_PULPOS/svm_aes:1c010534 00000010 b __rt_uart	/home/jamorin/gap_sdk/gap8/rtos/pulp/pulp-os/drivers_deprecated/uart/uart.c:43
/home/jamorin/InnovR/GAPuino/svm_aes/BUILD/GAP8_V3/GCC_RISCV_PULPOS/svm_aes:1c006fb0 00000010 T rt_uart_conf_init
/home/jamorin/InnovR/GAPuino/svm_aes/BUILD/GAP8_V3/GCC_RISCV_PULPOS/svm_aes:1c0044c8 00000012 T __rt_event_sched_init	/home/jamorin/gap_sdk/gap8/rtos/pulp/pulp-os/kernel/events.c:264
/home/jamorin/InnovR/GAPuino/svm_aes/BUILD/GAP8_V3/GCC_RISCV_PULPOS/svm_aes:1c004f48 00000012 T __rt_fll_init	/home/jamorin/gap_sdk/gap8/rtos/pulp/pulp-os/kernel/gap/pmu_driver.c:871
/home/jamorin/InnovR/GAPuino/svm_aes/BUILD/GAP8_V3/GCC_RISCV_PULPOS/svm_aes:1c005b26 00000012 T __rt_rtc_init	/home/jamorin/gap_sdk/gap8/rtos/pulp/pulp-os/drivers_deprecated/dolphin/rtc.c:414
/home/jamorin/InnovR/GAPuino/svm_aes/BUILD/GAP8_V3/GCC_RISCV_PULPOS/svm_aes:1c005b38 00000012 T __rt_spim_init	/home/jamorin/gap_sdk/gap8/rtos/pulp/pulp-os/drivers_deprecated/spim/spim-v2.c:446
/home/jamorin/InnovR/GAPuino/svm_aes/BUILD/GAP8_V3/GCC_RISCV_PULPOS/svm_aes:1c0055a6 00000014 t l2_memcpy	/home/jamorin/gap_sdk/gap8/rtos/pulp/pulp-os/drivers/hyper/hyperram-v1.c:897
/home/jamorin/InnovR/GAPuino/svm_aes/BUILD/GAP8_V3/GCC_RISCV_PULPOS/svm_aes:1c00213c 00000014 t pmsis_exit
/home/jamorin/InnovR/GAPuino/svm_aes/BUILD/GAP8_V3/GCC_RISCV_PULPOS/svm_aes:0000001c 00000014 D __rt_sched
/home/jamorin/InnovR/GAPuino/svm_aes/BUILD/GAP8_V3/GCC_RISCV_PULPOS/svm_aes:1c0018ee 00000016 t hal_cluster_id
/home/jamorin/InnovR/GAPuino/svm_aes/BUILD/GAP8_V3/GCC_RISCV_PULPOS/svm_aes:1c0018d8 00000016 t hal_core_id
/home/jamorin/InnovR/GAPuino/svm_aes/BUILD/GAP8_V3/GCC_RISCV_PULPOS/svm_aes:1c001db4 00000016 t pi_cluster_id
/home/jamorin/InnovR/GAPuino/svm_aes/BUILD/GAP8_V3/GCC_RISCV_PULPOS/svm_aes:1c001d9e 00000016 t pi_core_id
/home/jamorin/InnovR/GAPuino/svm_aes/BUILD/GAP8_V3/GCC_RISCV_PULPOS/svm_aes:1b000ba0 00000018 d cbsys_first	/home/jamorin/gap_sdk/gap8/rtos/pulp/pulp-os/kernel/utils.c:30
/home/jamorin/InnovR/GAPuino/svm_aes/BUILD/GAP8_V3/GCC_RISCV_PULPOS/svm_aes:1c0020ee 00000018 t rt_cluster_id
/home/jamorin/InnovR/GAPuino/svm_aes/BUILD/GAP8_V3/GCC_RISCV_PULPOS/svm_aes:1c002106 00000018 t rt_core_id
/home/jamorin/InnovR/GAPuino/svm_aes/BUILD/GAP8_V3/GCC_RISCV_PULPOS/svm_aes:1c0044b0 00000018 T rt_event_wait	/home/jamorin/gap_sdk/gap8/rtos/pulp/pulp-os/kernel/events.c:257
/home/jamorin/InnovR/GAPuino/svm_aes/BUILD/GAP8_V3/GCC_RISCV_PULPOS/svm_aes:1c0101c8 00000018 V __rt_padframe_profiles
/home/jamorin/InnovR/GAPuino/svm_aes/BUILD/GAP8_V3/GCC_RISCV_PULPOS/svm_aes:1c004670 00000018 t __rt_time_poweroff	/home/jamorin/gap_sdk/gap8/rtos/pulp/pulp-os/kernel/time.c:28
/home/jamorin/InnovR/GAPuino/svm_aes/BUILD/GAP8_V3/GCC_RISCV_PULPOS/svm_aes:1c004688 00000018 t __rt_time_poweron	/home/jamorin/gap_sdk/gap8/rtos/pulp/pulp-os/kernel/time.c:37
/home/jamorin/InnovR/GAPuino/svm_aes/BUILD/GAP8_V3/GCC_RISCV_PULPOS/svm_aes:1c004336 00000018 T __rt_wait_event_prepare_blocking	/home/jamorin/gap_sdk/gap8/rtos/pulp/pulp-os/kernel/events.c:42
/home/jamorin/InnovR/GAPuino/svm_aes/BUILD/GAP8_V3/GCC_RISCV_PULPOS/svm_aes:1c001922 0000001a t cpu_perf_conf
/home/jamorin/InnovR/GAPuino/svm_aes/BUILD/GAP8_V3/GCC_RISCV_PULPOS/svm_aes:1c00193c 0000001a t cpu_perf_setall
/home/jamorin/InnovR/GAPuino/svm_aes/BUILD/GAP8_V3/GCC_RISCV_PULPOS/svm_aes:1c0060dc 0000001a T fputc_locked
/home/jamorin/InnovR/GAPuino/svm_aes/BUILD/GAP8_V3/GCC_RISCV_PULPOS/svm_aes:1c0043c2 0000001a T rt_event_get	/home/jamorin/gap_sdk/gap8/rtos/pulp/pulp-os/kernel/events.c:105
/home/jamorin/InnovR/GAPuino/svm_aes/BUILD/GAP8_V3/GCC_RISCV_PULPOS/svm_aes:1c005f50 0000001a T strchr	/home/jamorin/gap_sdk/gap8/rtos/pulp/pulp-os/libs/io/io.c:278
/home/jamorin/InnovR/GAPuino/svm_aes/BUILD/GAP8_V3/GCC_RISCV_PULPOS/svm_aes:1c001c5e 0000001a t timer_cnt_lo_get
/home/jamorin/InnovR/GAPuino/svm_aes/BUILD/GAP8_V3/GCC_RISCV_PULPOS/svm_aes:1c001eae 0000001c t pi_perf_conf
/home/jamorin/InnovR/GAPuino/svm_aes/BUILD/GAP8_V3/GCC_RISCV_PULPOS/svm_aes:1c002936 0000001c t rotword
/home/jamorin/InnovR/GAPuino/svm_aes/BUILD/GAP8_V3/GCC_RISCV_PULPOS/svm_aes:1c004098 0000001c t __rt_event_enqueue	/home/jamorin/gap_sdk/install/GAP8_V3/include/rt/rt_event.h:405
/home/jamorin/InnovR/GAPuino/svm_aes/BUILD/GAP8_V3/GCC_RISCV_PULPOS/svm_aes:1c001e92 0000001c t __rt_team_barrier
/home/jamorin/InnovR/GAPuino/svm_aes/BUILD/GAP8_V3/GCC_RISCV_PULPOS/svm_aes:1c00189a 0000001e t core_id
/home/jamorin/InnovR/GAPuino/svm_aes/BUILD/GAP8_V3/GCC_RISCV_PULPOS/svm_aes:1c001904 0000001e t cpu_perf_conf_events
/home/jamorin/InnovR/GAPuino/svm_aes/BUILD/GAP8_V3/GCC_RISCV_PULPOS/svm_aes:1c001c00 0000001e t eu_dispatch_push
/home/jamorin/InnovR/GAPuino/svm_aes/BUILD/GAP8_V3/GCC_RISCV_PULPOS/svm_aes:1c001c1e 0000001e t eu_dispatch_team_config
/home/jamorin/InnovR/GAPuino/svm_aes/BUILD/GAP8_V3/GCC_RISCV_PULPOS/svm_aes:1c00211e 0000001e t pmsis_kickoff
/home/jamorin/InnovR/GAPuino/svm_aes/BUILD/GAP8_V3/GCC_RISCV_PULPOS/svm_aes:1c004214 0000001e T __rt_bridge_clear_notif	/home/jamorin/gap_sdk/gap8/rtos/pulp/pulp-os/kernel/bridge.c:838
/home/jamorin/InnovR/GAPuino/svm_aes/BUILD/GAP8_V3/GCC_RISCV_PULPOS/svm_aes:1c0041d6 0000001e T __rt_bridge_set_available	/home/jamorin/gap_sdk/gap8/rtos/pulp/pulp-os/kernel/bridge.c:725
/home/jamorin/InnovR/GAPuino/svm_aes/BUILD/GAP8_V3/GCC_RISCV_PULPOS/svm_aes:1c001d44 0000001e t timer_count_get
/home/jamorin/InnovR/GAPuino/svm_aes/BUILD/GAP8_V3/GCC_RISCV_PULPOS/svm_aes:1c001d62 0000001e t timer_reset
/home/jamorin/InnovR/GAPuino/svm_aes/BUILD/GAP8_V3/GCC_RISCV_PULPOS/svm_aes:1c001d80 0000001e t timer_start
/home/jamorin/InnovR/GAPuino/svm_aes/BUILD/GAP8_V3/GCC_RISCV_PULPOS/svm_aes:1c0018b8 00000020 t cluster_id
/home/jamorin/InnovR/GAPuino/svm_aes/BUILD/GAP8_V3/GCC_RISCV_PULPOS/svm_aes:1c001b64 00000020 t eu_bar_addr
/home/jamorin/InnovR/GAPuino/svm_aes/BUILD/GAP8_V3/GCC_RISCV_PULPOS/svm_aes:1c006320 00000020 t _rlrshift	/home/jamorin/gap_sdk/gap8/rtos/pulp/pulp-os/libs/io/prf.c:122
/home/jamorin/InnovR/GAPuino/svm_aes/BUILD/GAP8_V3/GCC_RISCV_PULPOS/svm_aes:1c0040b4 00000020 t __rt_bridge_check_bridge_req.part.5	/home/jamorin/gap_sdk/gap8/rtos/pulp/pulp-os/kernel/bridge.c:638
/home/jamorin/InnovR/GAPuino/svm_aes/BUILD/GAP8_V3/GCC_RISCV_PULPOS/svm_aes:1c0041f4 00000020 T __rt_bridge_send_notif	/home/jamorin/gap_sdk/gap8/rtos/pulp/pulp-os/kernel/bridge.c:821
/home/jamorin/InnovR/GAPuino/svm_aes/BUILD/GAP8_V3/GCC_RISCV_PULPOS/svm_aes:1c005c42 00000020 t rt_event_execute.isra.4.constprop.12	/home/jamorin/gap_sdk/gap8/rtos/pulp/pulp-os/libs/io/io.c:795
/home/jamorin/InnovR/GAPuino/svm_aes/BUILD/GAP8_V3/GCC_RISCV_PULPOS/svm_aes:1c00471a 00000020 T rt_time_wait_us	/home/jamorin/gap_sdk/gap8/rtos/pulp/pulp-os/kernel/time.c:176
/home/jamorin/InnovR/GAPuino/svm_aes/BUILD/GAP8_V3/GCC_RISCV_PULPOS/svm_aes:1c0044da 00000020 T rt_user_alloc_init	/home/jamorin/gap_sdk/gap8/rtos/pulp/pulp-os/kernel/alloc.c:193
/home/jamorin/InnovR/GAPuino/svm_aes/BUILD/GAP8_V3/GCC_RISCV_PULPOS/svm_aes:1c001b84 00000022 t eu_bar_trig_wait_clr
/home/jamorin/InnovR/GAPuino/svm_aes/BUILD/GAP8_V3/GCC_RISCV_PULPOS/svm_aes:1c001eee 00000022 t pi_perf_fc_reset
/home/jamorin/InnovR/GAPuino/svm_aes/BUILD/GAP8_V3/GCC_RISCV_PULPOS/svm_aes:1c001f64 00000022 t pi_perf_fc_start
/home/jamorin/InnovR/GAPuino/svm_aes/BUILD/GAP8_V3/GCC_RISCV_PULPOS/svm_aes:1c0045bc 00000022 T __rt_alloc_init_l1	/home/jamorin/gap_sdk/gap8/rtos/pulp/pulp-os/kernel/alloc.c:445
/home/jamorin/InnovR/GAPuino/svm_aes/BUILD/GAP8_V3/GCC_RISCV_PULPOS/svm_aes:1c0043dc 00000022 T rt_event_get_blocking	/home/jamorin/gap_sdk/gap8/rtos/pulp/pulp-os/kernel/events.c:127
/home/jamorin/InnovR/GAPuino/svm_aes/BUILD/GAP8_V3/GCC_RISCV_PULPOS/svm_aes:1c006eb8 00000022 t __rt_uart_setfreq_after	/home/jamorin/gap_sdk/gap8/rtos/pulp/pulp-os/drivers_deprecated/uart/uart.c:135
/home/jamorin/InnovR/GAPuino/svm_aes/BUILD/GAP8_V3/GCC_RISCV_PULPOS/svm_aes:1c003fa2 00000022 T __rt_utils_init	/home/jamorin/gap_sdk/gap8/rtos/pulp/pulp-os/kernel/utils.c:84
/home/jamorin/InnovR/GAPuino/svm_aes/BUILD/GAP8_V3/GCC_RISCV_PULPOS/svm_aes:1c001c3c 00000022 t timer_cfg_lo_set
/home/jamorin/InnovR/GAPuino/svm_aes/BUILD/GAP8_V3/GCC_RISCV_PULPOS/svm_aes:1c001c9a 00000022 t timer_reset_lo_set
/home/jamorin/InnovR/GAPuino/svm_aes/BUILD/GAP8_V3/GCC_RISCV_PULPOS/svm_aes:1c001c78 00000022 t timer_start_lo_set
/home/jamorin/InnovR/GAPuino/svm_aes/BUILD/GAP8_V3/GCC_RISCV_PULPOS/svm_aes:1c001eca 00000024 t pi_perf_cl_reset
/home/jamorin/InnovR/GAPuino/svm_aes/BUILD/GAP8_V3/GCC_RISCV_PULPOS/svm_aes:1c001f40 00000024 t pi_perf_cl_start
/home/jamorin/InnovR/GAPuino/svm_aes/BUILD/GAP8_V3/GCC_RISCV_PULPOS/svm_aes:1c001fdc 00000024 t pi_perf_fc_stop
/home/jamorin/InnovR/GAPuino/svm_aes/BUILD/GAP8_V3/GCC_RISCV_PULPOS/svm_aes:1c0055ba 00000024 t rt_event_enqueue	/home/jamorin/gap_sdk/install/GAP8_V3/include/rt/rt_event.h:419
/home/jamorin/InnovR/GAPuino/svm_aes/BUILD/GAP8_V3/GCC_RISCV_PULPOS/svm_aes:1c0043fe 00000024 T rt_event_push	/home/jamorin/gap_sdk/gap8/rtos/pulp/pulp-os/kernel/events.c:139
/home/jamorin/InnovR/GAPuino/svm_aes/BUILD/GAP8_V3/GCC_RISCV_PULPOS/svm_aes:1c001dca 00000024 t __rt_team_barrier_config
/home/jamorin/InnovR/GAPuino/svm_aes/BUILD/GAP8_V3/GCC_RISCV_PULPOS/svm_aes:1c006e94 00000024 t __rt_uart_setup.isra.5	/home/jamorin/gap_sdk/gap8/rtos/pulp/pulp-os/drivers_deprecated/uart/uart.c:222
/home/jamorin/InnovR/GAPuino/svm_aes/BUILD/GAP8_V3/GCC_RISCV_PULPOS/svm_aes:1c001d20 00000024 t timer_conf_set
/home/jamorin/InnovR/GAPuino/svm_aes/BUILD/GAP8_V3/GCC_RISCV_PULPOS/svm_aes:1c003c10 00000026 t cluster_start	/home/jamorin/gap_sdk/gap8/rtos/pulp/pulp-os/kernel/init.c:198
/home/jamorin/InnovR/GAPuino/svm_aes/BUILD/GAP8_V3/GCC_RISCV_PULPOS/svm_aes:1c002150 00000026 t __pi_freq_get_domain
/home/jamorin/InnovR/GAPuino/svm_aes/BUILD/GAP8_V3/GCC_RISCV_PULPOS/svm_aes:1c001fb6 00000026 t pi_perf_cl_stop
/home/jamorin/InnovR/GAPuino/svm_aes/BUILD/GAP8_V3/GCC_RISCV_PULPOS/svm_aes:1c006e6e 00000026 T __rt_uart_cluster_req_done	/home/jamorin/gap_sdk/gap8/rtos/pulp/pulp-os/drivers_deprecated/uart/uart.c:253
/home/jamorin/InnovR/GAPuino/svm_aes/BUILD/GAP8_V3/GCC_RISCV_PULPOS/svm_aes:1c004b54 00000026 t soc_eu_fcEventMask_setEvent	/home/jamorin/gap_sdk/install/GAP8_V3/include/hal/soc_eu/soc_eu_v1.h:60
/home/jamorin/InnovR/GAPuino/svm_aes/BUILD/GAP8_V3/GCC_RISCV_PULPOS/svm_aes:1c006f8a 00000026 t soc_eu_fcEventMask_setEvent	/home/jamorin/gap_sdk/install/GAP8_V3/include/hal/soc_eu/soc_eu_v1.h:60
/home/jamorin/InnovR/GAPuino/svm_aes/BUILD/GAP8_V3/GCC_RISCV_PULPOS/svm_aes:1c001bd8 00000028 t eu_bar_setup
/home/jamorin/InnovR/GAPuino/svm_aes/BUILD/GAP8_V3/GCC_RISCV_PULPOS/svm_aes:1c010170 00000028 D intercepts
/home/jamorin/InnovR/GAPuino/svm_aes/BUILD/GAP8_V3/GCC_RISCV_PULPOS/svm_aes:1c00612c 00000028 T _prf_locked	/home/jamorin/gap_sdk/gap8/rtos/pulp/pulp-os/libs/io/io.c:626
/home/jamorin/InnovR/GAPuino/svm_aes/BUILD/GAP8_V3/GCC_RISCV_PULPOS/svm_aes:1c0045de 00000028 T __rt_alloc_init_l1_for_fc	/home/jamorin/gap_sdk/gap8/rtos/pulp/pulp-os/kernel/alloc.c:452
/home/jamorin/InnovR/GAPuino/svm_aes/BUILD/GAP8_V3/GCC_RISCV_PULPOS/svm_aes:1c003d9c 00000028 T __rt_deinit	/home/jamorin/gap_sdk/gap8/rtos/pulp/pulp-os/kernel/init.c:163
/home/jamorin/InnovR/GAPuino/svm_aes/BUILD/GAP8_V3/GCC_RISCV_PULPOS/svm_aes:1c00430e 00000028 T __rt_event_init	/home/jamorin/gap_sdk/gap8/rtos/pulp/pulp-os/kernel/events.c:32
/home/jamorin/InnovR/GAPuino/svm_aes/BUILD/GAP8_V3/GCC_RISCV_PULPOS/svm_aes:1c01074c 00000028 B __rt_fc_cluster_data
/home/jamorin/InnovR/GAPuino/svm_aes/BUILD/GAP8_V3/GCC_RISCV_PULPOS/svm_aes:1c005a76 00000028 t __rt_i2s_setfreq_after	/home/jamorin/gap_sdk/gap8/rtos/pulp/pulp-os/drivers_deprecated/i2s/i2s-v1.c:235
/home/jamorin/InnovR/GAPuino/svm_aes/BUILD/GAP8_V3/GCC_RISCV_PULPOS/svm_aes:1c005ee2 00000028 t __rt_io_stop	/home/jamorin/gap_sdk/gap8/rtos/pulp/pulp-os/libs/io/io.c:769
/home/jamorin/InnovR/GAPuino/svm_aes/BUILD/GAP8_V3/GCC_RISCV_PULPOS/svm_aes:1c005574 00000028 T rt_padframe_set	/home/jamorin/gap_sdk/gap8/rtos/pulp/pulp-os/drivers_deprecated/pads/pads-v1.c:77
/home/jamorin/InnovR/GAPuino/svm_aes/BUILD/GAP8_V3/GCC_RISCV_PULPOS/svm_aes:000002b8 00000028 D __rt_udma_extra_callback
/home/jamorin/InnovR/GAPuino/svm_aes/BUILD/GAP8_V3/GCC_RISCV_PULPOS/svm_aes:000002e0 00000028 D __rt_udma_extra_callback_arg
/home/jamorin/InnovR/GAPuino/svm_aes/BUILD/GAP8_V3/GCC_RISCV_PULPOS/svm_aes:1c002496 0000002a T main
/home/jamorin/InnovR/GAPuino/svm_aes/BUILD/GAP8_V3/GCC_RISCV_PULPOS/svm_aes:1c004486 0000002a T __rt_wait_event	/home/jamorin/gap_sdk/gap8/rtos/pulp/pulp-os/kernel/events.c:247
/home/jamorin/InnovR/GAPuino/svm_aes/BUILD/GAP8_V3/GCC_RISCV_PULPOS/svm_aes:1c001e20 0000002c t pi_cl_team_fork
/home/jamorin/InnovR/GAPuino/svm_aes/BUILD/GAP8_V3/GCC_RISCV_PULPOS/svm_aes:1c006262 0000002c T printf	/home/jamorin/gap_sdk/gap8/rtos/pulp/pulp-os/libs/io/fprintf.c:41
/home/jamorin/InnovR/GAPuino/svm_aes/BUILD/GAP8_V3/GCC_RISCV_PULPOS/svm_aes:1c0060b0 0000002c T puts	/home/jamorin/gap_sdk/gap8/rtos/pulp/pulp-os/libs/io/io.c:576
/home/jamorin/InnovR/GAPuino/svm_aes/BUILD/GAP8_V3/GCC_RISCV_PULPOS/svm_aes:1c005a9e 0000002c t __rt_i2s_setfreq_before	/home/jamorin/gap_sdk/gap8/rtos/pulp/pulp-os/drivers_deprecated/i2s/i2s-v1.c:219
/home/jamorin/InnovR/GAPuino/svm_aes/BUILD/GAP8_V3/GCC_RISCV_PULPOS/svm_aes:1c010370 0000002c b __rt_pulpos_emu_global_cluster_task	/home/jamorin/gap_sdk/gap8/rtos/pulp/pulp-os/kernel/pulpos_emu.c:26
/home/jamorin/InnovR/GAPuino/svm_aes/BUILD/GAP8_V3/GCC_RISCV_PULPOS/svm_aes:1c006f1c 0000002c t __rt_uart_setfreq_before	/home/jamorin/gap_sdk/gap8/rtos/pulp/pulp-os/drivers_deprecated/uart/uart.c:102
/home/jamorin/InnovR/GAPuino/svm_aes/BUILD/GAP8_V3/GCC_RISCV_PULPOS/svm_aes:1c004b28 0000002c t SetFllMultDivFactors
/home/jamorin/InnovR/GAPuino/svm_aes/BUILD/GAP8_V3/GCC_RISCV_PULPOS/svm_aes:1c0021a8 0000002e t pi_freq_get
/home/jamorin/InnovR/GAPuino/svm_aes/BUILD/GAP8_V3/GCC_RISCV_PULPOS/svm_aes:1c010574 0000002e B priv_data
/home/jamorin/InnovR/GAPuino/svm_aes/BUILD/GAP8_V3/GCC_RISCV_PULPOS/svm_aes:1c00458e 0000002e T rt_alloc
/home/jamorin/InnovR/GAPuino/svm_aes/BUILD/GAP8_V3/GCC_RISCV_PULPOS/svm_aes:1c0060f6 00000030 T fputc	/home/jamorin/gap_sdk/gap8/rtos/pulp/pulp-os/libs/io/io.c:603
/home/jamorin/InnovR/GAPuino/svm_aes/BUILD/GAP8_V3/GCC_RISCV_PULPOS/svm_aes:1c001f10 00000030 t pi_perf_reset
/home/jamorin/InnovR/GAPuino/svm_aes/BUILD/GAP8_V3/GCC_RISCV_PULPOS/svm_aes:1c001f86 00000030 t pi_perf_start
/home/jamorin/InnovR/GAPuino/svm_aes/BUILD/GAP8_V3/GCC_RISCV_PULPOS/svm_aes:1c003f72 00000030 T __rt_cbsys_exec	/home/jamorin/gap_sdk/gap8/rtos/pulp/pulp-os/kernel/utils.c:71
/home/jamorin/InnovR/GAPuino/svm_aes/BUILD/GAP8_V3/GCC_RISCV_PULPOS/svm_aes:1c001cbc 00000030 t timer_base_fc
/home/jamorin/InnovR/GAPuino/svm_aes/BUILD/GAP8_V3/GCC_RISCV_PULPOS/svm_aes:1c001ba6 00000032 t eu_bar_setup_mask
/home/jamorin/InnovR/GAPuino/svm_aes/BUILD/GAP8_V3/GCC_RISCV_PULPOS/svm_aes:1c00522c 00000032 T pi_cluster_close	/home/jamorin/gap_sdk/gap8/rtos/pulp/pulp-os/kernel/cluster.c:370
/home/jamorin/InnovR/GAPuino/svm_aes/BUILD/GAP8_V3/GCC_RISCV_PULPOS/svm_aes:1c002176 00000032 t pi_freq_set
/home/jamorin/InnovR/GAPuino/svm_aes/BUILD/GAP8_V3/GCC_RISCV_PULPOS/svm_aes:1c002000 00000032 t pi_perf_stop
/home/jamorin/InnovR/GAPuino/svm_aes/BUILD/GAP8_V3/GCC_RISCV_PULPOS/svm_aes:1c003fc4 00000032 T __rt_fc_lock	/home/jamorin/gap_sdk/gap8/rtos/pulp/pulp-os/kernel/utils.c:92
/home/jamorin/InnovR/GAPuino/svm_aes/BUILD/GAP8_V3/GCC_RISCV_PULPOS/svm_aes:1c001dee 00000032 t __rt_team_config
/home/jamorin/InnovR/GAPuino/svm_aes/BUILD/GAP8_V3/GCC_RISCV_PULPOS/svm_aes:1c003b98 00000032 T _set
/home/jamorin/InnovR/GAPuino/svm_aes/BUILD/GAP8_V3/GCC_RISCV_PULPOS/svm_aes:00000358 00000034 D dev_rtc	/home/jamorin/gap_sdk/gap8/rtos/pulp/pulp-os/drivers_deprecated/dolphin/rtc.c:24
/home/jamorin/InnovR/GAPuino/svm_aes/BUILD/GAP8_V3/GCC_RISCV_PULPOS/svm_aes:1c006384 00000034 t _get_digit	/home/jamorin/gap_sdk/gap8/rtos/pulp/pulp-os/libs/io/prf.c:167
/home/jamorin/InnovR/GAPuino/svm_aes/BUILD/GAP8_V3/GCC_RISCV_PULPOS/svm_aes:1c0042da 00000034 T __rt_bridge_init	/home/jamorin/gap_sdk/gap8/rtos/pulp/pulp-os/kernel/bridge.c:851
/home/jamorin/InnovR/GAPuino/svm_aes/BUILD/GAP8_V3/GCC_RISCV_PULPOS/svm_aes:1c003ff6 00000034 T __rt_fc_unlock	/home/jamorin/gap_sdk/gap8/rtos/pulp/pulp-os/kernel/utils.c:127
/home/jamorin/InnovR/GAPuino/svm_aes/BUILD/GAP8_V3/GCC_RISCV_PULPOS/svm_aes:1c005a42 00000034 t __rt_i2s_resume	/home/jamorin/gap_sdk/gap8/rtos/pulp/pulp-os/drivers_deprecated/i2s/i2s-v1.c:186
/home/jamorin/InnovR/GAPuino/svm_aes/BUILD/GAP8_V3/GCC_RISCV_PULPOS/svm_aes:1c005cd2 00000034 t __rt_putc_host_cluster_req	/home/jamorin/gap_sdk/gap8/rtos/pulp/pulp-os/libs/io/io.c:451
/home/jamorin/InnovR/GAPuino/svm_aes/BUILD/GAP8_V3/GCC_RISCV_PULPOS/svm_aes:1c00709c 00000034 T rt_uart_cluster_write	/home/jamorin/gap_sdk/gap8/rtos/pulp/pulp-os/drivers_deprecated/uart/uart.c:277
/home/jamorin/InnovR/GAPuino/svm_aes/BUILD/GAP8_V3/GCC_RISCV_PULPOS/svm_aes:1c001cec 00000034 t timer_base_cl
/home/jamorin/InnovR/GAPuino/svm_aes/BUILD/GAP8_V3/GCC_RISCV_PULPOS/svm_aes:1c005f1a 00000036 T memcpy	/home/jamorin/gap_sdk/gap8/rtos/pulp/pulp-os/libs/io/io.c:159
/home/jamorin/InnovR/GAPuino/svm_aes/BUILD/GAP8_V3/GCC_RISCV_PULPOS/svm_aes:1c004062 00000036 T __rt_fc_cluster_unlock	/home/jamorin/gap_sdk/gap8/rtos/pulp/pulp-os/kernel/utils.c:199
/home/jamorin/InnovR/GAPuino/svm_aes/BUILD/GAP8_V3/GCC_RISCV_PULPOS/svm_aes:1c00402a 00000038 T __rt_fc_cluster_lock	/home/jamorin/gap_sdk/gap8/rtos/pulp/pulp-os/kernel/utils.c:189
/home/jamorin/InnovR/GAPuino/svm_aes/BUILD/GAP8_V3/GCC_RISCV_PULPOS/svm_aes:1c004232 0000003a T __rt_bridge_printf_flush
/home/jamorin/InnovR/GAPuino/svm_aes/BUILD/GAP8_V3/GCC_RISCV_PULPOS/svm_aes:1c002070 0000003c t pi_perf_fc_read
/home/jamorin/InnovR/GAPuino/svm_aes/BUILD/GAP8_V3/GCC_RISCV_PULPOS/svm_aes:1c0052ce 0000003c T __rt_cluster_new	/home/jamorin/gap_sdk/gap8/rtos/pulp/pulp-os/kernel/cluster.c:445
/home/jamorin/InnovR/GAPuino/svm_aes/BUILD/GAP8_V3/GCC_RISCV_PULPOS/svm_aes:1c00530a 0000003c t __rt_cluster_pulpos_emu_init	/home/jamorin/gap_sdk/gap8/rtos/pulp/pulp-os/kernel/pulpos_emu.c:29
/home/jamorin/InnovR/GAPuino/svm_aes/BUILD/GAP8_V3/GCC_RISCV_PULPOS/svm_aes:1c005fc8 0000003c T __rt_putc_uart	/home/jamorin/gap_sdk/gap8/rtos/pulp/pulp-os/libs/io/io.c:412
/home/jamorin/InnovR/GAPuino/svm_aes/BUILD/GAP8_V3/GCC_RISCV_PULPOS/svm_aes:1c002032 0000003e t pi_perf_cl_read
/home/jamorin/InnovR/GAPuino/svm_aes/BUILD/GAP8_V3/GCC_RISCV_PULPOS/svm_aes:1c003f34 0000003e T __rt_cbsys_add	/home/jamorin/gap_sdk/gap8/rtos/pulp/pulp-os/kernel/utils.c:57
/home/jamorin/InnovR/GAPuino/svm_aes/BUILD/GAP8_V3/GCC_RISCV_PULPOS/svm_aes:1c004aea 0000003e T __rt_freq_init	/home/jamorin/gap_sdk/gap8/rtos/pulp/pulp-os/kernel/gap/freq.c:62
/home/jamorin/InnovR/GAPuino/svm_aes/BUILD/GAP8_V3/GCC_RISCV_PULPOS/svm_aes:1c004e4e 00000040 T InitFlls	/home/jamorin/gap_sdk/gap8/rtos/pulp/pulp-os/kernel/gap/pmu_driver.c:858
/home/jamorin/InnovR/GAPuino/svm_aes/BUILD/GAP8_V3/GCC_RISCV_PULPOS/svm_aes:1c005ba8 00000040 t __rt_do_putc_host	/home/jamorin/gap_sdk/gap8/rtos/pulp/pulp-os/libs/io/io.c:430
/home/jamorin/InnovR/GAPuino/svm_aes/BUILD/GAP8_V3/GCC_RISCV_PULPOS/svm_aes:1c0020ac 00000042 t pi_perf_read
/home/jamorin/InnovR/GAPuino/svm_aes/BUILD/GAP8_V3/GCC_RISCV_PULPOS/svm_aes:1c006f48 00000042 t __rt_uart_cluster_req	/home/jamorin/gap_sdk/gap8/rtos/pulp/pulp-os/drivers_deprecated/uart/uart.c:266
/home/jamorin/InnovR/GAPuino/svm_aes/BUILD/GAP8_V3/GCC_RISCV_PULPOS/svm_aes:1c006eda 00000042 t __rt_uart_wait_tx_done.isra.6	/home/jamorin/gap_sdk/gap8/rtos/pulp/pulp-os/drivers_deprecated/uart/uart.c:222
/home/jamorin/InnovR/GAPuino/svm_aes/BUILD/GAP8_V3/GCC_RISCV_PULPOS/svm_aes:1c006340 00000044 t _ldiv5	/home/jamorin/gap_sdk/gap8/rtos/pulp/pulp-os/libs/io/prf.c:143
/home/jamorin/InnovR/GAPuino/svm_aes/BUILD/GAP8_V3/GCC_RISCV_PULPOS/svm_aes:1c005636 00000044 t __pi_hyper_copy_exec
/home/jamorin/InnovR/GAPuino/svm_aes/BUILD/GAP8_V3/GCC_RISCV_PULPOS/svm_aes:1c003b52 00000046 T _copy
/home/jamorin/InnovR/GAPuino/svm_aes/BUILD/GAP8_V3/GCC_RISCV_PULPOS/svm_aes:1c003bca 00000046 T _double_byte
/home/jamorin/InnovR/GAPuino/svm_aes/BUILD/GAP8_V3/GCC_RISCV_PULPOS/svm_aes:1c0040d4 00000046 t __rt_bridge_wait
/home/jamorin/InnovR/GAPuino/svm_aes/BUILD/GAP8_V3/GCC_RISCV_PULPOS/svm_aes:1c001e4c 00000046 t rt_team_fork
/home/jamorin/InnovR/GAPuino/svm_aes/BUILD/GAP8_V3/GCC_RISCV_PULPOS/svm_aes:1c00552c 00000048 T pi_cluster_send_task_to_cl	/home/jamorin/gap_sdk/gap8/rtos/pulp/pulp-os/kernel/cluster_call.c:149
/home/jamorin/InnovR/GAPuino/svm_aes/BUILD/GAP8_V3/GCC_RISCV_PULPOS/svm_aes:1c0044fa 00000048 T rt_user_alloc	/home/jamorin/gap_sdk/gap8/rtos/pulp/pulp-os/kernel/alloc.c:207
/home/jamorin/InnovR/GAPuino/svm_aes/BUILD/GAP8_V3/GCC_RISCV_PULPOS/svm_aes:1c00418c 0000004a T __rt_bridge_check_connection
/home/jamorin/InnovR/GAPuino/svm_aes/BUILD/GAP8_V3/GCC_RISCV_PULPOS/svm_aes:1c004aa0 0000004a T rt_freq_set_and_get	/home/jamorin/gap_sdk/gap8/rtos/pulp/pulp-os/kernel/gap/freq.c:30
/home/jamorin/InnovR/GAPuino/svm_aes/BUILD/GAP8_V3/GCC_RISCV_PULPOS/svm_aes:1c003dc8 0000004c T rt_irq_set_handler	/home/jamorin/gap_sdk/gap8/rtos/pulp/pulp-os/kernel/irq.c:61
/home/jamorin/InnovR/GAPuino/svm_aes/BUILD/GAP8_V3/GCC_RISCV_PULPOS/svm_aes:1c004542 0000004c T rt_user_free	/home/jamorin/gap_sdk/gap8/rtos/pulp/pulp-os/kernel/alloc.c:291
/home/jamorin/InnovR/GAPuino/svm_aes/BUILD/GAP8_V3/GCC_RISCV_PULPOS/svm_aes:1c00704e 0000004e T rt_uart_close	/home/jamorin/gap_sdk/gap8/rtos/pulp/pulp-os/drivers_deprecated/uart/uart.c:228
/home/jamorin/InnovR/GAPuino/svm_aes/BUILD/GAP8_V3/GCC_RISCV_PULPOS/svm_aes:1c002814 00000050 T amp_aes_update_nonce
/home/jamorin/InnovR/GAPuino/svm_aes/BUILD/GAP8_V3/GCC_RISCV_PULPOS/svm_aes:1c00567a 00000050 t exec_pending_task	/home/jamorin/gap_sdk/gap8/rtos/pulp/pulp-os/drivers/hyper/hyperram-v1.c:867
/home/jamorin/InnovR/GAPuino/svm_aes/BUILD/GAP8_V3/GCC_RISCV_PULPOS/svm_aes:1c003e16 00000050 T __rt_handle_illegal_instr	/home/jamorin/gap_sdk/gap8/rtos/pulp/pulp-os/kernel/irq.c:94
/home/jamorin/InnovR/GAPuino/svm_aes/BUILD/GAP8_V3/GCC_RISCV_PULPOS/svm_aes:1c00596c 00000050 t __rt_hyper_init	/home/jamorin/gap_sdk/gap8/rtos/pulp/pulp-os/drivers/hyper/hyperram-v1.c:995
/home/jamorin/InnovR/GAPuino/svm_aes/BUILD/GAP8_V3/GCC_RISCV_PULPOS/svm_aes:1c005b58 00000050 t __rt_io_uart_wait_req	/home/jamorin/gap_sdk/gap8/rtos/pulp/pulp-os/libs/io/io.c:315
/home/jamorin/InnovR/GAPuino/svm_aes/BUILD/GAP8_V3/GCC_RISCV_PULPOS/svm_aes:1c001848 00000052 t pi_cluster_task
/home/jamorin/InnovR/GAPuino/svm_aes/BUILD/GAP8_V3/GCC_RISCV_PULPOS/svm_aes:1c005aca 00000052 T __rt_i2s_init	/home/jamorin/gap_sdk/gap8/rtos/pulp/pulp-os/drivers_deprecated/i2s/i2s-v1.c:268
/home/jamorin/InnovR/GAPuino/svm_aes/BUILD/GAP8_V3/GCC_RISCV_PULPOS/svm_aes:1c003e66 00000052 T __rt_irq_init	/home/jamorin/gap_sdk/gap8/rtos/pulp/pulp-os/kernel/irq.c:103
/home/jamorin/InnovR/GAPuino/svm_aes/BUILD/GAP8_V3/GCC_RISCV_PULPOS/svm_aes:1c0049ec 00000056 T __rt_periph_wait_event	/home/jamorin/gap_sdk/gap8/rtos/pulp/pulp-os/kernel/periph-v2.c:237
/home/jamorin/InnovR/GAPuino/svm_aes/BUILD/GAP8_V3/GCC_RISCV_PULPOS/svm_aes:1c0055de 00000058 T __pi_hyper_copy_aligned	/home/jamorin/gap_sdk/gap8/rtos/pulp/pulp-os/drivers/hyper/hyperram-v1.c:480
/home/jamorin/InnovR/GAPuino/svm_aes/BUILD/GAP8_V3/GCC_RISCV_PULPOS/svm_aes:1c002d90 00000058 t sub_bytes
/home/jamorin/InnovR/GAPuino/svm_aes/BUILD/GAP8_V3/GCC_RISCV_PULPOS/svm_aes:1c0031e4 0000005a t arrInc
/home/jamorin/InnovR/GAPuino/svm_aes/BUILD/GAP8_V3/GCC_RISCV_PULPOS/svm_aes:1c005be8 0000005a t __rt_io_start	/home/jamorin/gap_sdk/gap8/rtos/pulp/pulp-os/libs/io/io.c:746
/home/jamorin/InnovR/GAPuino/svm_aes/BUILD/GAP8_V3/GCC_RISCV_PULPOS/svm_aes:1c0053d6 0000005c T rt_cluster_mount	/home/jamorin/gap_sdk/gap8/rtos/pulp/pulp-os/kernel/pulpos_emu.c:68
/home/jamorin/InnovR/GAPuino/svm_aes/BUILD/GAP8_V3/GCC_RISCV_PULPOS/svm_aes:1c0070d0 0000005c T __rt_uart_init	/home/jamorin/gap_sdk/gap8/rtos/pulp/pulp-os/drivers_deprecated/uart/uart.c:292
/home/jamorin/InnovR/GAPuino/svm_aes/BUILD/GAP8_V3/GCC_RISCV_PULPOS/svm_aes:1c004a42 0000005e T __rt_periph_init	/home/jamorin/gap_sdk/gap8/rtos/pulp/pulp-os/kernel/periph-v2.c:276
/home/jamorin/InnovR/GAPuino/svm_aes/BUILD/GAP8_V3/GCC_RISCV_PULPOS/svm_aes:1c005f6a 0000005e T __rt_putc_debug_bridge	/home/jamorin/gap_sdk/gap8/rtos/pulp/pulp-os/libs/io/io.c:288
/home/jamorin/InnovR/GAPuino/svm_aes/BUILD/GAP8_V3/GCC_RISCV_PULPOS/svm_aes:1c004f64 00000062 t __rt_init_cluster_data	/home/jamorin/gap_sdk/gap8/rtos/pulp/pulp-os/kernel/cluster.c:72
/home/jamorin/InnovR/GAPuino/svm_aes/BUILD/GAP8_V3/GCC_RISCV_PULPOS/svm_aes:1c004fc6 00000064 t __rt_cluster_init	/home/jamorin/gap_sdk/gap8/rtos/pulp/pulp-os/kernel/cluster.c:382
/home/jamorin/InnovR/GAPuino/svm_aes/BUILD/GAP8_V3/GCC_RISCV_PULPOS/svm_aes:1c004422 00000064 T __rt_event_execute	/home/jamorin/gap_sdk/gap8/rtos/pulp/pulp-os/kernel/events.c:189
/home/jamorin/InnovR/GAPuino/svm_aes/BUILD/GAP8_V3/GCC_RISCV_PULPOS/svm_aes:1c004606 0000006a T __rt_allocs_init	/home/jamorin/gap_sdk/gap8/rtos/pulp/pulp-os/kernel/alloc.c:465
/home/jamorin/InnovR/GAPuino/svm_aes/BUILD/GAP8_V3/GCC_RISCV_PULPOS/svm_aes:1c00426c 0000006e T __rt_bridge_req_shutdown	/home/jamorin/gap_sdk/gap8/rtos/pulp/pulp-os/kernel/bridge.c:774
/home/jamorin/InnovR/GAPuino/svm_aes/BUILD/GAP8_V3/GCC_RISCV_PULPOS/svm_aes:1c002f96 00000070 t mix_columns
/home/jamorin/InnovR/GAPuino/svm_aes/BUILD/GAP8_V3/GCC_RISCV_PULPOS/svm_aes:1c00525e 00000070 T __rt_cluster_push_fc_event	/home/jamorin/gap_sdk/gap8/rtos/pulp/pulp-os/kernel/cluster.c:413
/home/jamorin/InnovR/GAPuino/svm_aes/BUILD/GAP8_V3/GCC_RISCV_PULPOS/svm_aes:1c005c62 00000070 t __rt_io_lock
/home/jamorin/InnovR/GAPuino/svm_aes/BUILD/GAP8_V3/GCC_RISCV_PULPOS/svm_aes:1c005d06 00000070 t __rt_io_unlock
/home/jamorin/InnovR/GAPuino/svm_aes/BUILD/GAP8_V3/GCC_RISCV_PULPOS/svm_aes:1c00411a 00000072 T __rt_bridge_handle_notif	/home/jamorin/gap_sdk/gap8/rtos/pulp/pulp-os/kernel/bridge.c:644
/home/jamorin/InnovR/GAPuino/svm_aes/BUILD/GAP8_V3/GCC_RISCV_PULPOS/svm_aes:1c0061d2 00000072 T __rt_io_init	/home/jamorin/gap_sdk/gap8/rtos/pulp/pulp-os/libs/io/io.c:800
/home/jamorin/InnovR/GAPuino/svm_aes/BUILD/GAP8_V3/GCC_RISCV_PULPOS/svm_aes:1c006154 00000074 T exit	/home/jamorin/gap_sdk/gap8/rtos/pulp/pulp-os/libs/io/io.c:690
/home/jamorin/InnovR/GAPuino/svm_aes/BUILD/GAP8_V3/GCC_RISCV_PULPOS/svm_aes:1c00434e 00000074 T rt_event_alloc	/home/jamorin/gap_sdk/gap8/rtos/pulp/pulp-os/kernel/events.c:52
/home/jamorin/InnovR/GAPuino/svm_aes/BUILD/GAP8_V3/GCC_RISCV_PULPOS/svm_aes:1c0046a0 0000007a T rt_event_push_delayed	/home/jamorin/gap_sdk/gap8/rtos/pulp/pulp-os/kernel/time.c:59
/home/jamorin/InnovR/GAPuino/svm_aes/BUILD/GAP8_V3/GCC_RISCV_PULPOS/svm_aes:1c003eb8 0000007c t __rt_fc_cluster_lock_req	/home/jamorin/gap_sdk/gap8/rtos/pulp/pulp-os/kernel/utils.c:142
/home/jamorin/InnovR/GAPuino/svm_aes/BUILD/GAP8_V3/GCC_RISCV_PULPOS/svm_aes:1c01039c 00000080 b __pi_hyper_temp_buffer	/home/jamorin/gap_sdk/gap8/rtos/pulp/pulp-os/drivers/hyper/hyperram-v1.c:160
/home/jamorin/InnovR/GAPuino/svm_aes/BUILD/GAP8_V3/GCC_RISCV_PULPOS/svm_aes:1c0104b4 00000080 b __rt_io_event	/home/jamorin/gap_sdk/gap8/rtos/pulp/pulp-os/libs/io/io.c:39
/home/jamorin/InnovR/GAPuino/svm_aes/BUILD/GAP8_V3/GCC_RISCV_PULPOS/svm_aes:1c0102ec 00000080 d __rt_putc_host_buffer	/home/jamorin/gap_sdk/gap8/rtos/pulp/pulp-os/libs/io/io.c:47
/home/jamorin/InnovR/GAPuino/svm_aes/BUILD/GAP8_V3/GCC_RISCV_PULPOS/svm_aes:1c0059bc 00000086 T __pi_gpio_handler	/home/jamorin/gap_sdk/gap8/rtos/pulp/pulp-os/drivers/gpio/gpio-v2.c:54
/home/jamorin/InnovR/GAPuino/svm_aes/BUILD/GAP8_V3/GCC_RISCV_PULPOS/svm_aes:1c00367a 00000086 T tc_ccm_config
/home/jamorin/InnovR/GAPuino/svm_aes/BUILD/GAP8_V3/GCC_RISCV_PULPOS/svm_aes:1c0017c0 00000088 T __extendsfdf2	/home/yao/tools/riscv-gnu-toolchain/riscv-gcc/libgcc/soft-fp/extendsfdf2.c:37
/home/jamorin/InnovR/GAPuino/svm_aes/BUILD/GAP8_V3/GCC_RISCV_PULPOS/svm_aes:1c004b7a 0000008c T __rt_pmu_cluster_power_down	/home/jamorin/gap_sdk/gap8/rtos/pulp/pulp-os/kernel/gap/pmu_driver.c:205
/home/jamorin/InnovR/GAPuino/svm_aes/BUILD/GAP8_V3/GCC_RISCV_PULPOS/svm_aes:1c00473a 0000008c T __rt_time_init	/home/jamorin/gap_sdk/gap8/rtos/pulp/pulp-os/kernel/time.c:188
/home/jamorin/InnovR/GAPuino/svm_aes/BUILD/GAP8_V3/GCC_RISCV_PULPOS/svm_aes:1c006fc0 0000008e T __rt_uart_open	/home/jamorin/gap_sdk/gap8/rtos/pulp/pulp-os/drivers_deprecated/uart/uart.c:151
/home/jamorin/InnovR/GAPuino/svm_aes/BUILD/GAP8_V3/GCC_RISCV_PULPOS/svm_aes:1c001730 00000090 T __floatunsisf	/home/yao/tools/riscv-gnu-toolchain/riscv-gcc/libgcc/soft-fp/floatunsisf.c:35
/home/jamorin/InnovR/GAPuino/svm_aes/BUILD/GAP8_V3/GCC_RISCV_PULPOS/svm_aes:1c005346 00000090 T rt_cluster_call	/home/jamorin/gap_sdk/gap8/rtos/pulp/pulp-os/kernel/pulpos_emu.c:40
/home/jamorin/InnovR/GAPuino/svm_aes/BUILD/GAP8_V3/GCC_RISCV_PULPOS/svm_aes:1c005e50 00000092 t __rt_io_uart_wait_pending	/home/jamorin/gap_sdk/gap8/rtos/pulp/pulp-os/libs/io/io.c:332
/home/jamorin/InnovR/GAPuino/svm_aes/BUILD/GAP8_V3/GCC_RISCV_PULPOS/svm_aes:1c00628e 00000092 t _to_x	/home/jamorin/gap_sdk/gap8/rtos/pulp/pulp-os/libs/io/prf.c:44
/home/jamorin/InnovR/GAPuino/svm_aes/BUILD/GAP8_V3/GCC_RISCV_PULPOS/svm_aes:1c01041c 00000098 b __rt_gpio	/home/jamorin/gap_sdk/gap8/rtos/pulp/pulp-os/drivers/gpio/gpio-v2.c:34
/home/jamorin/InnovR/GAPuino/svm_aes/BUILD/GAP8_V3/GCC_RISCV_PULPOS/svm_aes:1c004ce4 000000a2 T InitOneFll	/home/jamorin/gap_sdk/gap8/rtos/pulp/pulp-os/kernel/gap/pmu_driver.c:771
/home/jamorin/InnovR/GAPuino/svm_aes/BUILD/GAP8_V3/GCC_RISCV_PULPOS/svm_aes:1c006004 000000ac t tfp_putc.isra.9	/home/jamorin/gap_sdk/gap8/rtos/pulp/pulp-os/libs/io/io.c:795
/home/jamorin/InnovR/GAPuino/svm_aes/BUILD/GAP8_V3/GCC_RISCV_PULPOS/svm_aes:1c001298 000000ae T __ledf2	/home/yao/tools/riscv-gnu-toolchain/riscv-gcc/libgcc/soft-fp/ledf2.c:35
/home/jamorin/InnovR/GAPuino/svm_aes/BUILD/GAP8_V3/GCC_RISCV_PULPOS/svm_aes:1c001298 000000ae T __ltdf2	/home/yao/tools/riscv-gnu-toolchain/riscv-gcc/libgcc/soft-fp/ledf2.c:36
/home/jamorin/InnovR/GAPuino/svm_aes/BUILD/GAP8_V3/GCC_RISCV_PULPOS/svm_aes:1c01067c 000000b0 B s
/home/jamorin/InnovR/GAPuino/svm_aes/BUILD/GAP8_V3/GCC_RISCV_PULPOS/svm_aes:1c0021d6 000000b4 T cluster_delegate
/home/jamorin/InnovR/GAPuino/svm_aes/BUILD/GAP8_V3/GCC_RISCV_PULPOS/svm_aes:1c004e8e 000000ba T __rt_pmu_init	/home/jamorin/gap_sdk/gap8/rtos/pulp/pulp-os/kernel/gap/pmu_driver.c:472
/home/jamorin/InnovR/GAPuino/svm_aes/BUILD/GAP8_V3/GCC_RISCV_PULPOS/svm_aes:1c0101e0 000000c0 D __hal_debug_struct
/home/jamorin/InnovR/GAPuino/svm_aes/BUILD/GAP8_V3/GCC_RISCV_PULPOS/svm_aes:1c0023d4 000000c2 T wrapper_SVM_AES
/home/jamorin/InnovR/GAPuino/svm_aes/BUILD/GAP8_V3/GCC_RISCV_PULPOS/svm_aes:1c0105a8 000000c8 B ctx
/home/jamorin/InnovR/GAPuino/svm_aes/BUILD/GAP8_V3/GCC_RISCV_PULPOS/svm_aes:1c004d86 000000c8 T __rt_pmu_cluster_power_up
/home/jamorin/InnovR/GAPuino/svm_aes/BUILD/GAP8_V3/GCC_RISCV_PULPOS/svm_aes:1c002864 000000d2 T amp_aes_encrypts
/home/jamorin/InnovR/GAPuino/svm_aes/BUILD/GAP8_V3/GCC_RISCV_PULPOS/svm_aes:1c005156 000000d6 T pi_cluster_open	/home/jamorin/gap_sdk/gap8/rtos/pulp/pulp-os/kernel/cluster.c:343
/home/jamorin/InnovR/GAPuino/svm_aes/BUILD/GAP8_V3/GCC_RISCV_PULPOS/svm_aes:1c005d76 000000da t __rt_io_uart_flush.constprop.11	/home/jamorin/gap_sdk/gap8/rtos/pulp/pulp-os/libs/io/io.c:795
/home/jamorin/InnovR/GAPuino/svm_aes/BUILD/GAP8_V3/GCC_RISCV_PULPOS/svm_aes:1c004c06 000000de T SetFllFrequency
/home/jamorin/InnovR/GAPuino/svm_aes/BUILD/GAP8_V3/GCC_RISCV_PULPOS/svm_aes:1c003006 000000e8 t shift_rows
/home/jamorin/InnovR/GAPuino/svm_aes/BUILD/GAP8_V3/GCC_RISCV_PULPOS/svm_aes:1c0047c6 000000f2 T __rt_timer_handler	/home/jamorin/gap_sdk/gap8/rtos/pulp/pulp-os/kernel/time_irq.c:30
/home/jamorin/InnovR/GAPuino/svm_aes/BUILD/GAP8_V3/GCC_RISCV_PULPOS/svm_aes:1c003700 000000f6 t ccm_cbc_mac
/home/jamorin/InnovR/GAPuino/svm_aes/BUILD/GAP8_V3/GCC_RISCV_PULPOS/svm_aes:1c0030ee 000000f6 T tc_aes_encrypt
/home/jamorin/InnovR/GAPuino/svm_aes/BUILD/GAP8_V3/GCC_RISCV_PULPOS/svm_aes:1c005432 000000fa T pi_cluster_send_task_to_cl_async	/home/jamorin/gap_sdk/gap8/rtos/pulp/pulp-os/kernel/cluster_call.c:65
/home/jamorin/InnovR/GAPuino/svm_aes/BUILD/GAP8_V3/GCC_RISCV_PULPOS/svm_aes:1c007654 00000100 R __clz_tab
/home/jamorin/InnovR/GAPuino/svm_aes/BUILD/GAP8_V3/GCC_RISCV_PULPOS/svm_aes:1c007754 00000100 r sbox
/home/jamorin/InnovR/GAPuino/svm_aes/BUILD/GAP8_V3/GCC_RISCV_PULPOS/svm_aes:1c00323e 00000112 t tc_ctr_prng_update
/home/jamorin/InnovR/GAPuino/svm_aes/BUILD/GAP8_V3/GCC_RISCV_PULPOS/svm_aes:1c00502a 00000126 t __rt_cluster_mount_step	/home/jamorin/gap_sdk/gap8/rtos/pulp/pulp-os/kernel/cluster.c:221
/home/jamorin/InnovR/GAPuino/svm_aes/BUILD/GAP8_V3/GCC_RISCV_PULPOS/svm_aes:1c0048b8 00000134 T rt_periph_copy	/home/jamorin/gap_sdk/gap8/rtos/pulp/pulp-os/kernel/periph-v2.c:58
/home/jamorin/InnovR/GAPuino/svm_aes/BUILD/GAP8_V3/GCC_RISCV_PULPOS/svm_aes:1c0037f6 0000014a t ccm_ctr_mode
/home/jamorin/InnovR/GAPuino/svm_aes/BUILD/GAP8_V3/GCC_RISCV_PULPOS/svm_aes:1c00228a 0000014a t SVM_AES
/home/jamorin/InnovR/GAPuino/svm_aes/BUILD/GAP8_V3/GCC_RISCV_PULPOS/svm_aes:1c003c36 00000166 T __rt_init	/home/jamorin/gap_sdk/gap8/rtos/pulp/pulp-os/kernel/init.c:74
/home/jamorin/InnovR/GAPuino/svm_aes/BUILD/GAP8_V3/GCC_RISCV_PULPOS/svm_aes:1c0024c0 00000168 T predict
/home/jamorin/InnovR/GAPuino/svm_aes/BUILD/GAP8_V3/GCC_RISCV_PULPOS/svm_aes:1c003350 0000016c T tc_ctr_prng_init
/home/jamorin/InnovR/GAPuino/svm_aes/BUILD/GAP8_V3/GCC_RISCV_PULPOS/svm_aes:1c002de8 000001ae t mult_row_column
/home/jamorin/InnovR/GAPuino/svm_aes/BUILD/GAP8_V3/GCC_RISCV_PULPOS/svm_aes:1c002952 000001bc T tc_aes128_set_encrypt_key
/home/jamorin/InnovR/GAPuino/svm_aes/BUILD/GAP8_V3/GCC_RISCV_PULPOS/svm_aes:1c0034bc 000001be T tc_ctr_prng_generate
/home/jamorin/InnovR/GAPuino/svm_aes/BUILD/GAP8_V3/GCC_RISCV_PULPOS/svm_aes:1c002628 000001ec T amp_aes_init
/home/jamorin/InnovR/GAPuino/svm_aes/BUILD/GAP8_V3/GCC_RISCV_PULPOS/svm_aes:1c001544 000001ec T __mulsf3	/home/yao/tools/riscv-gnu-toolchain/riscv-gcc/libgcc/soft-fp/mulsf3.c:35
/home/jamorin/InnovR/GAPuino/svm_aes/BUILD/GAP8_V3/GCC_RISCV_PULPOS/svm_aes:1c001346 000001fe T __divsf3	/home/yao/tools/riscv-gnu-toolchain/riscv-gcc/libgcc/soft-fp/divsf3.c:35
/home/jamorin/InnovR/GAPuino/svm_aes/BUILD/GAP8_V3/GCC_RISCV_PULPOS/svm_aes:1c001956 0000020e t cpu_perf_get
/home/jamorin/InnovR/GAPuino/svm_aes/BUILD/GAP8_V3/GCC_RISCV_PULPOS/svm_aes:1c003940 00000212 T tc_ccm_generation_encryption
/home/jamorin/InnovR/GAPuino/svm_aes/BUILD/GAP8_V3/GCC_RISCV_PULPOS/svm_aes:00000030 00000280 D periph_channels
/home/jamorin/InnovR/GAPuino/svm_aes/BUILD/GAP8_V3/GCC_RISCV_PULPOS/svm_aes:1c002b0e 00000282 t add_round_key
/home/jamorin/InnovR/GAPuino/svm_aes/BUILD/GAP8_V3/GCC_RISCV_PULPOS/svm_aes:1c0056ca 00000296 t __pi_hyper_copy_misaligned	/home/jamorin/gap_sdk/gap8/rtos/pulp/pulp-os/drivers/hyper/hyperram-v1.c:806
/home/jamorin/InnovR/GAPuino/svm_aes/BUILD/GAP8_V3/GCC_RISCV_PULPOS/svm_aes:1c00096c 0000032e T __umoddi3	/home/yao/tools/riscv-gnu-toolchain/riscv-gcc/libgcc/libgcc2.c:1305
/home/jamorin/InnovR/GAPuino/svm_aes/BUILD/GAP8_V3/GCC_RISCV_PULPOS/svm_aes:1c000630 0000033c T __udivdi3	/home/yao/tools/riscv-gnu-toolchain/riscv-gcc/libgcc/libgcc2.c:1317
/home/jamorin/InnovR/GAPuino/svm_aes/BUILD/GAP8_V3/GCC_RISCV_PULPOS/svm_aes:1c000c9a 000005fe T __adddf3	/home/yao/tools/riscv-gnu-toolchain/riscv-gcc/libgcc/soft-fp/adddf3.c:35
/home/jamorin/InnovR/GAPuino/svm_aes/BUILD/GAP8_V3/GCC_RISCV_PULPOS/svm_aes:1b000398 00000800 D __rt_fc_stack
/home/jamorin/InnovR/GAPuino/svm_aes/BUILD/GAP8_V3/GCC_RISCV_PULPOS/svm_aes:1c0063b8 00000ab6 T _prf	/home/jamorin/gap_sdk/gap8/rtos/pulp/pulp-os/libs/io/prf.c:437
/home/jamorin/InnovR/GAPuino/svm_aes/BUILD/GAP8_V3/GCC_RISCV_PULPOS/svm_aes:1c007ab0 00000c40 D img
/home/jamorin/InnovR/GAPuino/svm_aes/BUILD/GAP8_V3/GCC_RISCV_PULPOS/svm_aes:1c0086f0 00007a80 D coefficients
